I'm sorry, but errors were detected in your script. Please correct the
errors listed below, and try again.


File "game/room_navigation.rpy", line 3: choice menuitem expects a non-empty block.
    "Closet":
             ^

Ren'Py Version: Ren'Py 7.3.5.606
Thu Apr 23 21:17:56 2020
